digraph G {
	node [label="\N", fontname=FreeSans, fontsize=10, shape=record];
	edge [fontname=FreeSans, fontsize=10, labelfontname=FreeSans, labelfontsize=10];
	graph [bb="0,0,1131,240"];
	Node1 [label="Stream.hxx", height="0.22", width="0.89", color=black, fillcolor=grey75, style=filled, fontcolor=black, pos="216,224", rects="184,216,249,232"];
	Node2 [label="Stream.cxx", height="0.22", width="0.86", color=black, fillcolor=white, style=filled, URL="$a00050.html", pos="31,172", rects="0,164,63,180"];
	Node3 [label="System.cxx", height="0.22", width="0.89", color=black, fillcolor=white, style=filled, URL="$a00054.html", pos="112,172", rects="80,164,144,180"];
	Node4 [label="BlockingStream.hxx", height="0.22", width="1.50", color=black, fillcolor=white, style=filled, URL="$a00027.html", pos="216,172", rects="162,164,271,180"];
	Node5 [label="BlockingStream.cxx", height="0.22", width="1.50", color=black, fillcolor=white, style=filled, URL="$a00026.html", pos="178,120", rects="124,112,232,128"];
	Node6 [label="PortAudioCpp.hxx", height="0.22", width="1.42", color=black, fillcolor=white, style=filled, URL="$a00048.html", pos="389,16", rects="338,8,441,24"];
	Node7 [label="CallbackStream.hxx", height="0.22", width="1.50", color=black, fillcolor=white, style=filled, URL="$a00031.html", pos="556,172", rects="502,164,610,180"];
	Node8 [label="CallbackStream.cxx", height="0.22", width="1.47", color=black, fillcolor=white, style=filled, URL="$a00030.html", pos="417,120", rects="364,112,470,128"];
	Node9 [label="CFunCallbackStream.hxx", height="0.22", width="1.89", color=black, fillcolor=white, style=filled, URL="$a00033.html", pos="556,120", rects="488,112,624,128"];
	Node10 [label="CFunCallbackStream.cxx", height="0.22", width="1.86", color=black, fillcolor=white, style=filled, URL="$a00032.html", pos="484,68", rects="417,60,551,76"];
	Node11 [label="CppFunCallbackStream.hxx", height="0.22", width="2.06", color=black, fillcolor=white, style=filled, URL="$a00035.html", pos="716,120", rects="642,112,791,128"];
	Node12 [label="CppFunCallbackStream.cxx", height="0.22", width="2.03", color=black, fillcolor=white, style=filled, URL="$a00034.html", pos="680,68", rects="607,60,754,76"];
	Node13 [label="InterfaceCallbackStream.hxx", height="0.22", width="2.11", color=black, fillcolor=white, style=filled, URL="$a00045.html", pos="884,120", rects="808,112,960,128"];
	Node14 [label="InterfaceCallbackStream.cxx", height="0.22", width="2.08", color=black, fillcolor=white, style=filled, URL="$a00044.html", pos="884,68", rects="809,60,960,76"];
	Node15 [label="MemFunCallbackStream.hxx", height="0.22", width="2.14", color=black, fillcolor=white, style=filled, URL="$a00047.html", pos="1054,68", rects="977,60,1132,76"];
	Node16 [label="MemFunCallbackStream.cxx", height="0.22", width="2.11", color=black, fillcolor=white, style=filled, URL="$a00046.html", pos="1054,16", rects="978,8,1131,24"];
	Node1 -> Node2 [dir=back, color=midnightblue, style=solid, pos="s,187,216 177,213 143,203 92,189 60,180"];
	Node1 -> Node3 [dir=back, color=midnightblue, style=solid, pos="s,200,216 192,212 172,202 145,189 128,180"];
	Node1 -> Node4 [dir=back, color=midnightblue, style=solid, pos="s,216,216 216,207 216,198 216,187 216,180"];
	Node4 -> Node5 [dir=back, color=midnightblue, style=solid, pos="s,210,164 205,156 198,147 189,136 184,128"];
	Node4 -> Node6 [dir=back, color=midnightblue, style=solid, pos="s,221,164 225,156 243,126 279,63 284,60 304,42 333,31 355,24"];
	Node1 -> Node7 [dir=back, color=midnightblue, style=solid, pos="s,249,216 258,214 362,194 392,196 502,180"];
	Node7 -> Node8 [dir=back, color=midnightblue, style=solid, pos="s,535,164 527,161 500,151 462,137 439,128"];
	Node7 -> Node9 [dir=back, color=midnightblue, style=solid, pos="s,556,164 556,155 556,146 556,135 556,128"];
	Node9 -> Node10 [dir=back, color=midnightblue, style=solid, pos="s,545,112 538,107 525,97 507,84 496,76"];
	Node9 -> Node6 [dir=back, color=midnightblue, style=solid, pos="s,513,112 504,110 468,102 422,90 408,76 394,62 390,37 389,24"];
	Node7 -> Node11 [dir=back, color=midnightblue, style=solid, pos="s,581,164 591,161 621,151 664,137 691,128"];
	Node11 -> Node12 [dir=back, color=midnightblue, style=solid, pos="s,710,112 705,104 698,95 691,84 686,76"];
	Node11 -> Node6 [dir=back, color=midnightblue, style=solid, pos="s,694,112 686,109 662,100 628,88 598,76 580,69 577,65 560,60 515,44 463,32 428,24"];
	Node7 -> Node13 [dir=back, color=midnightblue, style=solid, pos="s,607,164 616,163 678,152 774,138 833,128"];
	Node13 -> Node14 [dir=back, color=midnightblue, style=solid, pos="s,884,112 884,103 884,94 884,83 884,76"];
	Node13 -> Node15 [dir=back, color=midnightblue, style=solid, pos="s,910,112 919,109 952,99 999,85 1028,76"];
	Node15 -> Node16 [dir=back, color=midnightblue, style=solid, pos="s,1054,60 1054,51 1054,42 1054,31 1054,24"];
	Node15 -> Node6 [dir=back, color=midnightblue, style=solid, pos="s,977,60 968,59 737,39 675,50 441,24"];
	Node13 -> Node6 [dir=back, color=midnightblue, style=solid, pos="s,869,112 862,108 833,92 781,66 762,60 693,39 512,33 441,24"];
	Node7 -> Node15 [dir=back, color=midnightblue, style=solid, pos="s,610,164 619,163 631,161 637,161 653,160 793,146 836,177 969,128 1000,116 1031,90 1045,76"];
	Node7 -> Node6 [dir=back, color=midnightblue, style=solid, pos="s,505,164 497,163 440,153 364,138 355,128 329,95 366,44 382,24"];
	Node1 -> Node6 [dir=back, color=midnightblue, style=solid, pos="s,231,216 238,212 251,204 267,193 279,180 319,134 308,108 344,60 357,42 362,38 379,24"];
}
